Traceback (most recent call last):
  File "Y:\code\aeat-worktrees\main\.s39_publish_m303_2026.py", line 29, in <module>
    semantic_map, render_profile, joined, evidence, transport = _authorities(tree)
                                                                ~~~~~~~~~~~~^^^^^^
  File "Y:\code\aeat-worktrees\main\dev\registry\tests\test_generated_export_trees.py", line 242, in _authorities
    modelos, catalogues = load_registry_tree(bundled_path("registry", "aeat"))
                          ~~~~~~~~~~~~~~~~~~^^^^^^^^^^^^^^^^^^^^^^^^^^^^^^^^^^
  File "Y:\code\aeat-worktrees\main\src\cadrumo\domain\calculations\registry\loader.py", line 1124, in load_registry_tree
    return _load_registry_tree_cached(str(resolved), fingerprints)
  File "Y:\code\aeat-worktrees\main\src\cadrumo\domain\calculations\registry\loader.py", line 1289, in _load_registry_tree_cached
    modelos = _load_all_modelo_definitions(resolved / "modelos")
  File "Y:\code\aeat-worktrees\main\src\cadrumo\domain\calculations\registry\loader.py", line 1354, in _load_all_modelo_definitions
    return tuple(load_modelo_source(source) for source in discover_modelo_sources(modelos_dir))
  File "Y:\code\aeat-worktrees\main\src\cadrumo\domain\calculations\registry\loader.py", line 1354, in <genexpr>
    return tuple(load_modelo_source(source) for source in discover_modelo_sources(modelos_dir))
                 ~~~~~~~~~~~~~~~~~~^^^^^^^^
  File "Y:\code\aeat-worktrees\main\src\cadrumo\domain\calculations\registry\loader.py", line 427, in load_modelo_source
    return load_modelo_directory(source.path)
  File "Y:\code\aeat-worktrees\main\src\cadrumo\domain\calculations\registry\loader.py", line 401, in load_modelo_directory
    return _load_modelo_directory_cached(str(resolved), fingerprints)
  File "Y:\code\aeat-worktrees\main\src\cadrumo\domain\calculations\registry\loader.py", line 438, in _load_modelo_directory_cached
    merged_revisions = _load_modelo_revisions(resolved)
  File "Y:\code\aeat-worktrees\main\src\cadrumo\domain\calculations\registry\loader.py", line 473, in _load_modelo_revisions
    _merge_revision_directory(path, merged_revisions)
    ~~~~~~~~~~~~~~~~~~~~~~~~~^^^^^^^^^^^^^^^^^^^^^^^^
  File "Y:\code\aeat-worktrees\main\src\cadrumo\domain\calculations\registry\loader.py", line 501, in _merge_revision_directory
    raise RegistryLoadError(f"{path}: revision fragment directory must contain revision.toml")
cadrumo.domain.calculations.registry.errors.RegistryLoadError: Y:\code\aeat-worktrees\main\src\cadrumo\_data\registry\aeat\modelos\341\revisions\2000-y-siguientes: revision fragment directory must contain revision.toml
